Compiling 90 existing test methods into /var/folders/7b/smm8430x29d9fvhqwqrg1q5c0000gn/T/diary-portable-checks-lvoj2ail/checks
PASS AdoptionTests.testAdoptionPreservesExistingBytesRawAndStableID
PASS AdoptionTests.testEveryInterruptionRecoversOnceForExistingAndNewYears
PASS AdoptionTests.testExternalEditAfterPrepareOrWriteIsNeverReplaced
PASS AdoptionTests.testBackupRestoresAdoptedMarkdownAndIndependentOriginals
PASS AdoptionTests.testUndatedStaleRevisionDisabledAndCountMismatchRejectWrites
PASS AdoptionTests.testSameTextSeparateCapturesStaySeparateAndOldSchemaMigrates
PASS AdoptionTests.testSymlinkAndDamagedStagingCannotOverwriteJournal
PASS AdoptionTests.testMissingAdoptedMarkdownBlocksBackupAndSuccessfulRetryReport
PASS BackupSnapshotTests.testMediaOperationsAndManifestRestoreIndependently
PASS BackupSnapshotTests.testExternalMutationAdditionAndDeletionPreventCompletedBackup
PASS BackupSnapshotTests.testSymlinkIsRejectedRatherThanSilentlyOmitted
PASS CaptureLibraryTests.testOriginalAndIDSurviveReopeningWithoutTouchingJournal
PASS CaptureLibraryTests.testRecoverAtEveryInterruptionAndRetryExactlyOnce
PASS CaptureLibraryTests.testDateCorrectionIsVersionedAndRejectsStaleEdit
PASS CaptureLibraryTests.testBackupOpensAsIndependentLibraryWithDatesAndOriginals
PASS CaptureLibraryTests.testTamperedOriginalIsNeverSilentlyAccepted
PASS CaptureLibraryTests.testInvalidDatesAndEmptyCaptureDoNotCreateRecords
PASS CaptureLibraryTests.testTwoConnectionsObserveSameCommittedData
PASS CaptureLibraryTests.testFutureDatabaseVersionIsRejected
PASS CaptureLibraryTests.testManagedDirectoryCannotEscapeThroughSymlink
PASS CaptureLibraryTests.testFailedOriginalWriteRetainsStagingAndResumesWithoutDuplicate
PASS DateChangeTests.testDateCorrectionYearMoveUndatedAndReadoptionKeepIdentityAndRaw
PASS DateChangeTests.testCrossYearMoveRecoversAtEachStageExactlyOnce
PASS DateChangeTests.testSameYearAndUndatedRecoverAtEveryApplicableStage
PASS DateChangeTests.testConflictBeforeAnyWriteAndAfterFirstWritePreservesExternalData
PASS DateChangeTests.testMissingStagingDoesNotStartTheOtherFileAndBackupRefusesPending
PASS DateChangeTests.testExternalBodyEditSurvivesMoveAndBlocksUndatedReturn
PASS DateChangeTests.testMoveBackupRestoresOriginalDateAndCompletedBackupRestoresNewDate
PASS GuardedJournalWriteTests.testSchemaFourUpgradesAndKeepsCapture
PASS GuardedJournalWriteTests.testReplaceGapKeepsExternalBytesAndRecoveryStops
PASS GuardedJournalWriteTests.testNewYearDoesNotOverwriteFileCreatedInGap
PASS GuardedJournalWriteTests.testInterruptedExchangeRecoversOnceAndRetainsOriginal
PASS GuardedJournalWriteTests.testPreparedExchangeAndNewFileResume
PASS GuardedJournalWriteTests.testDeletedTargetInGapDoesNotDiscardPreparedData
PASS JournalIdentityTests.testReopenAndBackupPreserveIDsWithoutChangingMarkdown
PASS JournalIdentityTests.testReorderInsertAndFileMovePreserveUniqueOriginalIDs
PASS JournalIdentityTests.testExternalBodyOrDateEditStopsWithoutReplacingMap
PASS JournalIdentityTests.testIdenticalDuplicatesSurviveReopenButChangedFileIsAmbiguous
PASS JournalIdentityTests.testExplicitIDsAndCrossYearDuplicates
PASS JournalIdentityTests.testInterruptedTransactionRollsBackAllFiles
PASS OriginalJournalTests.testNoOpIsByteIdenticalIncludingCommentsAndMixedContent
PASS OriginalJournalTests.testEditKeepsUnrelatedEntryAndHeaderExactly
PASS OriginalJournalTests.testMissingCountMismatchAndStaleHashBlockWriting
PASS OriginalJournalTests.testDuplicateIDsAndInvalidUTF8AreRejected
PASS PersonalUseTests.testSavedTextSurvivesReopenAndBrokenDatabaseCanBeRescued
PASS ReviewRegressionTests.testSavingNeverDuplicatesMediaOrCreatesFullBackups
PASS ReviewRegressionTests.testReadOnlyOpenAndBackupDoNotWriteSourceOrRecover
PASS ReviewRegressionTests.testReadOnlyPendingAdoptionIsLabeledAndRescuable
PASS ReviewRegressionTests.testWritableConflictStillAllowsInspectionAndRescue
PASS ReviewRegressionTests.testOldDatabaseNeedsExplicitBackupAndRetainsOldVersionThere
PASS ReviewRegressionTests.testUnknownColumnsCannotChangeVersionEvenWithBackupSpecified
PASS ReviewRegressionTests.testEnglishJournalRemainsTheWriteAndReadDirectory
PASS ReviewRegressionTests.testTwoJournalDirectoriesBlockSelectionButBothAreRescued
PASS ReviewRegressionTests.testReadOnlyAndImmutableMediaCanBeBackedUp
PASS ReviewRegressionTests.testSymlinkRejectionHasTheExpectedReason
PASS ReviewRegressionTests.testPendingCaptureRescueIncludesStagingWithoutRecovery
PASS ReviewRegressionTests.testDeclaredLegacySchemasAreCheckedAndBackedUpBeforeUpgrade
PASS CaptureTimelineTests.testLegacyParserUsesPersistentMapAndRejectsMismatch
PASS CaptureTimelineTests.testUndatedTextWaitsInInboxAndOriginalSurvivesProjection
PASS CaptureTimelineTests.testDateMovesAcrossYearsWithSameIDAndCanBecomeUndated
PASS CaptureTimelineTests.testSameDaySeparateTextsAndReopenKeepDistinctStableIDs
PASS CaptureTimelineTests.testAdoptedMarkdownKeepsOriginalAndAppearsOnceAfterRestart
PASS CaptureTimelineTests.testLegacyFencedHeadingAndExplicitIdentityArePreserved
PASS JournalParserTests.testParseBasicEntry
PASS JournalParserTests.testParseZeroPaddedTime
PASS JournalParserTests.testParseEntryWithoutMetadata
PASS JournalParserTests.testParseAttachments
PASS JournalParserTests.testParseMultipleAttachments
PASS JournalParserTests.testParseTags
PASS JournalParserTests.testSameDayMultipleEntries
[OK] entry数一致: 3
PASS JournalParserTests.testEntryCountValidation
[警告] entry数が一致しません。frontmatter: 5, 実際: 2
PASS JournalParserTests.testEntryCountMismatch
[OK] entry数一致: 15
PASS JournalParserTests.testFixture2024
[OK] entry数一致: 13
PASS JournalParserTests.testFixture2025
[OK] entry数一致: 12
PASS JournalParserTests.testFixture2026
[警告] frontmatterにentries: がありません。件数検証をスキップします。
PASS JournalParserTests.testEmptyFile
PASS JournalParserTests.testOnlyFrontmatter
PASS JournalParserTests.testNonDateHeadingInBody
PASS JournalParserTests.testMalformedHeading
PASS JournalParserTests.testDashDashDashInBody
PASS JournalParserTests.testTagWithPunctuation
PASS JournalParserTests.testFrontmatterWithoutEntries
PASS JournalParserTests.testUUIDCommentBeforeMetadataLine
PASS JournalParserTests.testUUIDCommentWithoutMetadataLine
PASS JournalParserTests.testDisplayBodyStripsInlineComment
PASS JournalParserTests.testTagAtLineStart
PASS JournalParserTests.testHeadingIsNotATag
PASS JournalParserTests.testMarkdownBlockParsing
PASS JournalParserTests.testMarkdownTagIsNotHeading
PASS JournalParserTests.testMarkdownCodeFence
90 synchronous checks; 0 failures (portable assertion runner, not XCTest).
