2026-08-07 22:20:17 --- 起動要求 ---
2026-08-07 22:20:17 ポート8797を使用中のプロセスを停止: 13055
2026-08-07 22:20:17 server.py 起動 pid=14990
/Applications/Xcode.app/Contents/Developer/usr/bin/python3: can't open file 'server.py': [Errno 1] Operation not permitted
2026-08-07 22:20:18 起動失敗
2026-08-07 22:37:47 --- 起動要求 ---
2026-08-07 22:37:47 起動しました。画面を開きます → http://127.0.0.1:8797/
2026-08-07 22:37:47 終了するときは、この窓で control+C を押すか、窓を閉じてください。
2026-08-07 22:47:23 --- 起動要求 ---
2026-08-07 22:47:24 起動しました。画面を開きます → http://127.0.0.1:8797/
2026-08-07 22:47:24 終了するときは、この窓で control+C を押すか、窓を閉じてください。
2026-08-07 23:09:05 --- 起動要求 ---
2026-08-08 05:23:14 --- 起動要求 ---
/Users/yoshiakinagumo/Library/Python/3.9/lib/python/site-packages/urllib3/__init__.py:35: NotOpenSSLWarning: urllib3 v2 only supports OpenSSL 1.1.1+, currently the 'ssl' module is compiled with 'LibreSSL 2.8.3'. See: https://github.com/urllib3/urllib3/issues/3020
  warnings.warn(
2026-08-08 05:23:14 起動しました。画面を開きます → http://127.0.0.1:8797/
2026-08-08 05:23:14 終了するときは、この窓で control+C を押すか、窓を閉じてください。
2026-08-10 17:27:52 --- 起動要求 ---
/Users/yoshiakinagumo/Library/Python/3.9/lib/python/site-packages/urllib3/__init__.py:35: NotOpenSSLWarning: urllib3 v2 only supports OpenSSL 1.1.1+, currently the 'ssl' module is compiled with 'LibreSSL 2.8.3'. See: https://github.com/urllib3/urllib3/issues/3020
  warnings.warn(
2026-08-10 17:27:52 起動しました。画面を開きます → http://127.0.0.1:8797/
2026-08-10 17:27:52 終了するときは、この窓で control+C を押すか、窓を閉じてください。
2026-08-13 20:58:39 --- 起動要求 ---
/Users/yoshiakinagumo/Library/Python/3.9/lib/python/site-packages/urllib3/__init__.py:35: NotOpenSSLWarning: urllib3 v2 only supports OpenSSL 1.1.1+, currently the 'ssl' module is compiled with 'LibreSSL 2.8.3'. See: https://github.com/urllib3/urllib3/issues/3020
  warnings.warn(
2026-08-13 20:58:39 起動しました。画面を開きます → http://127.0.0.1:8797/
2026-08-13 20:58:39 終了するときは、この窓で control+C を押すか、窓を閉じてください。
2026-08-13 23:39:14 --- 起動要求 ---
/Users/yoshiakinagumo/Library/Python/3.9/lib/python/site-packages/urllib3/__init__.py:35: NotOpenSSLWarning: urllib3 v2 only supports OpenSSL 1.1.1+, currently the 'ssl' module is compiled with 'LibreSSL 2.8.3'. See: https://github.com/urllib3/urllib3/issues/3020
  warnings.warn(
2026-08-13 23:39:14 起動しました。画面を開きます → http://127.0.0.1:8797/
2026-08-13 23:39:14 終了するときは、この窓で control+C を押すか、窓を閉じてください。
2026-08-31 23:22:07 --- 起動要求 ---
/Users/yoshiakinagumo/Library/Python/3.9/lib/python/site-packages/urllib3/__init__.py:35: NotOpenSSLWarning: urllib3 v2 only supports OpenSSL 1.1.1+, currently the 'ssl' module is compiled with 'LibreSSL 2.8.3'. See: https://github.com/urllib3/urllib3/issues/3020
  warnings.warn(
2026-08-31 23:22:08 起動しました。画面を開きます → http://127.0.0.1:8797/
2026-08-31 23:22:08 終了するときは、この窓で control+C を押すか、窓を閉じてください。
